[2026-01-08 10:46:40] [INFO] ===== DÉMARRAGE DU SCRIPT =====
[2026-01-08 10:46:40] [INFO] Configuration : Domaine=tdtri.fr, Serveur=WIN-50LAD:3268
[2026-01-08 10:46:40] [INFO] ===== POINT 1 : Récupération des groupes AD =====
[2026-01-08 10:46:49] [INFO] Nombre de groupes récupérés : 52
[2026-01-08 10:46:49] [INFO] ===== POINT 2 : Récupération des utilisateurs par groupe =====
[2026-01-08 10:46:49] [INFO] Traitement du groupe : Administrateurs
[2026-01-08 10:46:53] [INFO]   -> 1 utilisateur(s) trouvé(s)
[2026-01-08 10:46:53] [INFO] Traitement du groupe : Utilisateurs
[2026-01-08 10:46:58] [WARNING]   -> Aucun utilisateur
[2026-01-08 10:46:58] [INFO] Traitement du groupe : Invités
[2026-01-08 10:47:02] [INFO]   -> 1 utilisateur(s) trouvé(s)
[2026-01-08 10:47:02] [INFO] Traitement du groupe : Opérateurs d’impression
[2026-01-08 10:47:12] [WARNING]   -> Aucun utilisateur
[2026-01-08 10:47:12] [INFO] Traitement du groupe : Opérateurs de sauvegarde
[2026-01-08 10:47:16] [WARNING]   -> Aucun utilisateur
[2026-01-08 10:47:16] [INFO] Traitement du groupe : Duplicateurs
[2026-01-08 10:47:21] [WARNING]   -> Aucun utilisateur
[2026-01-08 10:47:21] [INFO] Traitement du groupe : Utilisateurs du Bureau à distance
[2026-01-08 10:47:25] [WARNING]   -> Aucun utilisateur
[2026-01-08 10:47:25] [INFO] Traitement du groupe : Opérateurs de configuration réseau
[2026-01-08 10:47:34] [WARNING]   -> Aucun utilisateur
[2026-01-08 10:47:34] [INFO] Traitement du groupe : Utilisateurs de l’Analyseur de performances
[2026-01-08 10:47:39] [WARNING]   -> Aucun utilisateur
[2026-01-08 10:47:39] [INFO] Traitement du groupe : Utilisateurs du journal de performances
[2026-01-08 10:47:43] [WARNING]   -> Aucun utilisateur
[2026-01-08 10:47:43] [INFO] Traitement du groupe : Utilisateurs du modèle COM distribué
[2026-01-08 10:47:48] [WARNING]   -> Aucun utilisateur
[2026-01-08 10:47:48] [INFO] Traitement du groupe : IIS_IUSRS
[2026-01-08 10:47:57] [WARNING]   -> Aucun utilisateur
[2026-01-08 10:47:57] [INFO] Traitement du groupe : Opérateurs de chiffrement
[2026-01-08 10:48:01] [WARNING]   -> Aucun utilisateur
[2026-01-08 10:48:01] [INFO] Traitement du groupe : Lecteurs des journaux d’événements
[2026-01-08 10:48:06] [WARNING]   -> Aucun utilisateur
[2026-01-08 10:48:06] [INFO] Traitement du groupe : Accès DCOM service de certificats
[2026-01-08 10:48:10] [WARNING]   -> Aucun utilisateur
[2026-01-08 10:48:10] [INFO] Traitement du groupe : Serveurs Accès Distant RDS
[2026-01-08 10:48:20] [WARNING]   -> Aucun utilisateur
[2026-01-08 10:48:20] [INFO] Traitement du groupe : Serveurs RDS Endpoint
[2026-01-08 10:48:24] [WARNING]   -> Aucun utilisateur
[2026-01-08 10:48:24] [INFO] Traitement du groupe : Serveurs Gestion RDS
[2026-01-08 10:48:29] [WARNING]   -> Aucun utilisateur
[2026-01-08 10:48:29] [INFO] Traitement du groupe : Administrateurs Hyper-V
[2026-01-08 10:48:33] [WARNING]   -> Aucun utilisateur
[2026-01-08 10:48:33] [INFO] Traitement du groupe : Opérateurs d'assistance de contrôle d'accès
[2026-01-08 10:48:42] [WARNING]   -> Aucun utilisateur
[2026-01-08 10:48:42] [INFO] Traitement du groupe : Utilisateurs de gestion à distance
[2026-01-08 10:48:47] [WARNING]   -> Aucun utilisateur
[2026-01-08 10:48:47] [INFO] Traitement du groupe : Storage Replica Administrators
[2026-01-08 10:48:51] [WARNING]   -> Aucun utilisateur
[2026-01-08 10:48:51] [INFO] Traitement du groupe : Ordinateurs du domaine
[2026-01-08 10:48:56] [WARNING]   -> Aucun utilisateur
[2026-01-08 10:48:56] [INFO] Traitement du groupe : Contrôleurs de domaine
[2026-01-08 10:49:05] [WARNING]   -> Aucun utilisateur
[2026-01-08 10:49:05] [INFO] Traitement du groupe : Administrateurs du schéma
[2026-01-08 10:49:09] [INFO]   -> 1 utilisateur(s) trouvé(s)
[2026-01-08 10:49:09] [INFO] Traitement du groupe : Administrateurs de l’entreprise
[2026-01-08 10:49:14] [INFO]   -> 1 utilisateur(s) trouvé(s)
[2026-01-08 10:49:14] [INFO] Traitement du groupe : Éditeurs de certificats
[2026-01-08 10:49:18] [WARNING]   -> Aucun utilisateur
[2026-01-08 10:49:18] [INFO] Traitement du groupe : Admins du domaine
[2026-01-08 10:49:27] [INFO]   -> 2 utilisateur(s) trouvé(s)
[2026-01-08 10:49:27] [INFO] Traitement du groupe : Utilisateurs du domaine
[2026-01-08 10:49:32] [WARNING]   -> Aucun utilisateur
[2026-01-08 10:49:32] [INFO] Traitement du groupe : Invités du domaine
[2026-01-08 10:49:37] [WARNING]   -> Aucun utilisateur
[2026-01-08 10:49:37] [INFO] Traitement du groupe : Propriétaires créateurs de la stratégie de groupe
[2026-01-08 10:49:41] [INFO]   -> 1 utilisateur(s) trouvé(s)
[2026-01-08 10:49:41] [INFO] Traitement du groupe : Serveurs RAS et IAS
[2026-01-08 10:49:50] [WARNING]   -> Aucun utilisateur
[2026-01-08 10:49:50] [INFO] Traitement du groupe : Opérateurs de serveur
[2026-01-08 10:49:55] [WARNING]   -> Aucun utilisateur
[2026-01-08 10:49:55] [INFO] Traitement du groupe : Opérateurs de compte
[2026-01-08 10:49:59] [WARNING]   -> Aucun utilisateur
[2026-01-08 10:49:59] [INFO] Traitement du groupe : Accès compatible pré-Windows 2000
[2026-01-08 10:50:04] [WARNING]   -> Aucun utilisateur
[2026-01-08 10:50:04] [INFO] Traitement du groupe : Générateurs d’approbations de forêt entrante
[2026-01-08 10:50:13] [WARNING]   -> Aucun utilisateur
[2026-01-08 10:50:13] [INFO] Traitement du groupe : Groupe d’accès d’autorisation Windows
[2026-01-08 10:50:17] [WARNING]   -> Aucun utilisateur
[2026-01-08 10:50:17] [INFO] Traitement du groupe : Serveurs de licences des services Terminal Server
[2026-01-08 10:50:22] [WARNING]   -> Aucun utilisateur
[2026-01-08 10:50:22] [INFO] Traitement du groupe : Groupe de réplication dont le mot de passe RODC est autorisé
[2026-01-08 10:50:26] [WARNING]   -> Aucun utilisateur
[2026-01-08 10:50:26] [INFO] Traitement du groupe : Groupe de réplication dont le mot de passe RODC est refusé
[2026-01-08 10:50:35] [INFO]   -> 1 utilisateur(s) trouvé(s)
[2026-01-08 10:50:35] [INFO] Traitement du groupe : Contrôleurs de domaine en lecture seule
[2026-01-08 10:50:40] [WARNING]   -> Aucun utilisateur
[2026-01-08 10:50:40] [INFO] Traitement du groupe : Contrôleurs de domaine d’entreprise en lecture seule
[2026-01-08 10:50:44] [WARNING]   -> Aucun utilisateur
[2026-01-08 10:50:44] [INFO] Traitement du groupe : Contrôleurs de domaine clonables
[2026-01-08 10:50:49] [WARNING]   -> Aucun utilisateur
[2026-01-08 10:50:49] [INFO] Traitement du groupe : Protected Users
[2026-01-08 10:50:58] [WARNING]   -> Aucun utilisateur
[2026-01-08 10:50:58] [INFO] Traitement du groupe : Administrateurs clés
[2026-01-08 10:51:03] [WARNING]   -> Aucun utilisateur
[2026-01-08 10:51:03] [INFO] Traitement du groupe : Administrateurs clés Enterprise
[2026-01-08 10:51:07] [WARNING]   -> Aucun utilisateur
[2026-01-08 10:51:07] [INFO] Traitement du groupe : DnsAdmins
[2026-01-08 10:51:12] [WARNING]   -> Aucun utilisateur
[2026-01-08 10:51:12] [INFO] Traitement du groupe : DnsUpdateProxy
[2026-01-08 10:51:21] [WARNING]   -> Aucun utilisateur
[2026-01-08 10:51:21] [INFO] Traitement du groupe : GG_Logistique
[2026-01-08 10:51:25] [INFO]   -> 6 utilisateur(s) trouvé(s)
[2026-01-08 10:51:25] [INFO] Traitement du groupe : GG_Finance
[2026-01-08 10:51:30] [INFO]   -> 6 utilisateur(s) trouvé(s)
[2026-01-08 10:51:30] [INFO] Traitement du groupe : GG_RH
[2026-01-08 10:51:34] [INFO]   -> 5 utilisateur(s) trouvé(s)
[2026-01-08 10:51:34] [INFO] Traitement du groupe : GG_Leads
[2026-01-08 10:51:43] [INFO]   -> 3 utilisateur(s) trouvé(s)
[2026-01-08 10:51:43] [INFO] Résumé : 11 groupe(s) avec utilisateurs, 28 utilisateur(s) au total
[2026-01-08 10:51:43] [INFO] ===== POINT 3 : Stockage des utilisateurs avec leurs groupes =====
[2026-01-08 10:51:48] [INFO] Nouvel utilisateur détecté : Administrateur
[2026-01-08 10:51:57] [INFO] Nouvel utilisateur détecté : Invité
[2026-01-08 10:54:22] [INFO] Nouvel utilisateur détecté : user_AA
[2026-01-08 10:55:30] [INFO] Nouvel utilisateur détecté : krbtgt
[2026-01-08 10:56:20] [INFO] Nouvel utilisateur détecté : cmiron
[2026-01-08 10:56:20] [INFO] Nouvel utilisateur détecté : hlagrande
[2026-01-08 10:56:20] [INFO] Nouvel utilisateur détecté : fpotvin
[2026-01-08 10:56:20] [INFO] Nouvel utilisateur détecté : slapointe
[2026-01-08 10:56:20] [INFO] Nouvel utilisateur détecté : fcousteau
[2026-01-08 10:56:20] [INFO] Nouvel utilisateur détecté : sguay
[2026-01-08 10:56:24] [INFO] Nouvel utilisateur détecté : cgrimard
[2026-01-08 10:56:24] [INFO] Nouvel utilisateur détecté : schasse
[2026-01-08 10:56:24] [INFO] Nouvel utilisateur détecté : raube
[2026-01-08 10:56:24] [INFO] Nouvel utilisateur détecté : vsaindon
[2026-01-08 10:56:24] [INFO] Nouvel utilisateur détecté : lbertrand
[2026-01-08 10:56:24] [INFO] Nouvel utilisateur détecté : rbeaucham
[2026-01-08 10:56:29] [INFO] Nouvel utilisateur détecté : flacombe
[2026-01-08 10:56:29] [INFO] Nouvel utilisateur détecté : mpaquin
[2026-01-08 10:56:29] [INFO] Nouvel utilisateur détecté : pgrivois
[2026-01-08 10:56:29] [INFO] Nouvel utilisateur détecté : lpoulin
[2026-01-08 10:56:29] [INFO] Nouvel utilisateur détecté : ahachee
[2026-01-08 10:56:38] [INFO] Nombre total d'utilisateurs uniques : 21
[2026-01-08 10:56:38] [INFO] Exemple d'utilisateurs (5 premiers) :
[2026-01-08 10:56:38] [INFO]   User: vsaindon -> Groupes: GG_Finance
[2026-01-08 10:56:38] [INFO]   User: mpaquin -> Groupes: GG_RH
[2026-01-08 10:56:38] [INFO]   User: rbeaucham -> Groupes: GG_Finance, GG_Leads
[2026-01-08 10:56:38] [INFO]   User: cgrimard -> Groupes: GG_Finance
[2026-01-08 10:56:38] [INFO]   User: Invité -> Groupes: Invités
[2026-01-08 10:56:38] [INFO] ===== FIN DU SCRIPT =====
[2026-01-08 10:56:38] [INFO] Log sauvegardé dans : C:\Users\user\ETRS916\TP\AD_Sync_20260108_104640.log
